Start
 Graph
  name { _Graph_ }
  Basedon
   name { graphID }
  Topology
   nodes
    node { n1 }
    node { n2 }
    node { n3 }
   edges
    edge
     name { e1 }
     begin { n1 }
     end { n3 }
    edge
     name { e2 }
     begin { n2 }
     end { n3 }
